Bugs/index.wml				done - tor
MailingLists/debian-announce.wml	done - tor
MailingLists/subscribe.wml		done - tor
MailingLists/unsubscribe.wml		done - tor
MailingLists/index.wml			done - tor
News/weekly/index.wml			done - tor
News/index.wml				done - tor
consultants/index.wml			done - tor
contact.wml				done - tor
devel/people.wml			done - tor
devel/constitution.wml			done - tor
devel/index.wml				done - tor
distrib/vendors.wml			done - tor
distrib/books.wml			done - tor
distrib/index.wml			done - tor
distrib/cdinfo.wml			done - tor
distrib/ftplist.wml			done - tor
distrib/packages.wml			done - tor
doc/index.wml				done - tor
donations.wml				done - tor
events/index.wml			done - tor
index.wml				done - tor
international/Chinese.wml		done - tor
international/Finnish.wml		done - tor
international/French.wml		done - tor
international/German.wml		done - tor
international/Japanese.wml		done - tor
international/Korean.wml		done - tor
international/Norwegian.wml		done - tor
international/Spanish.wml		done - tor
international/Swedish.wml		done - tor
international/Turkish.wml		done - tor
international/index.wml			done - tor
intro/about.wml				done - tor
intro/cn.wml				done - tor
intro/cooperation.wml			done - tor
intro/free.wml				done - tor
intro/license_disc.wml			done - tor
intro/organization.wml			done - tor
intro/why_debian.wml			done - tor
license.wml				done - tor
partners/index.wml			done - tor
ports/index.wml				done - tor
related_links.wml			done - tor
releases/potato/index.wml		done - tor
releases/slink/running-kernel-2.2.wml	done - tor
releases/slink/gnome.wml		done - tor
releases/slink/index.wml		done - tor
releases/index.wml			done - tor
releases/woody/index.wml		done - tor
search.wml				done - tor
social_contract.wml			done - tor
support.wml				done - tor
vote/index.wml				done - ssm
y2k/index.wml				done - tor
